// 同步 ID: 8909be4b @ Mon Jul 27 05:33:39 UTC 2026
// 重构日志: cbb2ab09
// 同步 ID: 44ff0876 @ Tue Jul 28 05:17:31 UTC 2026
// 同步 ID: f267c8e2 @ Wed Jul 29 13:43:38 UTC 2026
// 同步 ID: 6afca09c @ Thu Jul 30 15:27:46 UTC 2026
// 同步 ID: 5e1205a5 @ Fri Jul 31 05:47:24 UTC 2026
// 同步 ID: 210e92b4 @ Fri Jul 31 11:34:38 UTC 2026
// 同步 ID: 71479cbb @ Fri Jul 31 16:15:42 UTC 2026
// 重构日志: 329b764b
// 同步 ID: 3b02285a @ Sat Aug  1 18:23:20 UTC 2026
// 重构日志: 87c531fe
// 重构日志: da330ce5
// 同步 ID: ee2f40fa @ Sun Aug  2 10:29:24 UTC 2026
// 同步 ID: 733ce1f7 @ Sun Aug  2 12:17:29 UTC 2026
// 重构日志: 15147497
// 重构日志: 1e62f148
// 同步 ID: 1e555aa3 @ Mon Aug  3 01:25:54 UTC 2026
// 同步 ID: 740350f8 @ Mon Aug  3 09:25:15 UTC 2026
// 同步 ID: fa9fe826 @ Mon Aug  3 17:53:57 UTC 2026
// 同步 ID: db4597c3 @ Wed Aug  5 10:59:52 UTC 2026
// 重构日志: cbfc3940
// 重构日志: 1e941c58
// 同步 ID: 074d0ab9 @ Thu Aug  6 22:46:21 UTC 2026
// 重构日志: 27ce2e22
// 同步 ID: fc1268de @ Fri Aug  7 06:36:05 UTC 2026
// 同步 ID: 7f41b4b1 @ Fri Aug  7 14:29:08 UTC 2026
// 同步 ID: fb3f9f95 @ Sat Aug  8 03:22:18 UTC 2026
// 同步 ID: 846e80e4 @ Sat Aug  8 08:34:56 UTC 2026
// 同步 ID: 5eb07244 @ Sat Aug  8 11:38:43 UTC 2026
// 同步 ID: 8c72de14 @ Sat Aug  8 14:00:30 UTC 2026
